// Vitest Snapshot v1, https://vitest.dev/guide/snapshot.html

exports[`SharesUtils > getSharesCost > should calculate share price for the given hotel chain and size 1`] = `
{
  "American": {
    "00": 100000,
    "01": 100000,
    "02": 300,
    "03": 400,
    "04": 500,
    "05": 600,
    "06": 700,
    "07": 700,
    "08": 700,
    "09": 700,
    "10": 700,
    "11": 800,
    "12": 800,
    "13": 800,
    "14": 800,
    "15": 800,
    "16": 800,
    "17": 800,
    "18": 800,
    "19": 800,
    "20": 800,
    "21": 900,
    "22": 900,
    "23": 900,
    "24": 900,
    "25": 900,
    "26": 900,
    "27": 900,
    "28": 900,
    "29": 900,
    "30": 900,
    "31": 1000,
    "32": 1000,
    "33": 1000,
    "34": 1000,
    "35": 1000,
    "36": 1000,
    "37": 1000,
    "38": 1000,
    "39": 1000,
    "40": 1000,
    "41": 1100,
    "42": 1100,
    "43": 1100,
    "44": 1100,
  },
  "Continental": {
    "00": 100000,
    "01": 100000,
    "02": 400,
    "03": 500,
    "04": 600,
    "05": 700,
    "06": 800,
    "07": 800,
    "08": 800,
    "09": 800,
    "10": 800,
    "11": 900,
    "12": 900,
    "13": 900,
    "14": 900,
    "15": 900,
    "16": 900,
    "17": 900,
    "18": 900,
    "19": 900,
    "20": 900,
    "21": 1000,
    "22": 1000,
    "23": 1000,
    "24": 1000,
    "25": 1000,
    "26": 1000,
    "27": 1000,
    "28": 1000,
    "29": 1000,
    "30": 1000,
    "31": 1100,
    "32": 1100,
    "33": 1100,
    "34": 1100,
    "35": 1100,
    "36": 1100,
    "37": 1100,
    "38": 1100,
    "39": 1100,
    "40": 1100,
    "41": 1200,
    "42": 1200,
    "43": 1200,
    "44": 1200,
  },
  "Festival": {
    "00": 100000,
    "01": 100000,
    "02": 300,
    "03": 400,
    "04": 500,
    "05": 600,
    "06": 700,
    "07": 700,
    "08": 700,
    "09": 700,
    "10": 700,
    "11": 800,
    "12": 800,
    "13": 800,
    "14": 800,
    "15": 800,
    "16": 800,
    "17": 800,
    "18": 800,
    "19": 800,
    "20": 800,
    "21": 900,
    "22": 900,
    "23": 900,
    "24": 900,
    "25": 900,
    "26": 900,
    "27": 900,
    "28": 900,
    "29": 900,
    "30": 900,
    "31": 1000,
    "32": 1000,
    "33": 1000,
    "34": 1000,
    "35": 1000,
    "36": 1000,
    "37": 1000,
    "38": 1000,
    "39": 1000,
    "40": 1000,
    "41": 1100,
    "42": 1100,
    "43": 1100,
    "44": 1100,
  },
  "Imperial": {
    "00": 100000,
    "01": 100000,
    "02": 400,
    "03": 500,
    "04": 600,
    "05": 700,
    "06": 800,
    "07": 800,
    "08": 800,
    "09": 800,
    "10": 800,
    "11": 900,
    "12": 900,
    "13": 900,
    "14": 900,
    "15": 900,
    "16": 900,
    "17": 900,
    "18": 900,
    "19": 900,
    "20": 900,
    "21": 1000,
    "22": 1000,
    "23": 1000,
    "24": 1000,
    "25": 1000,
    "26": 1000,
    "27": 1000,
    "28": 1000,
    "29": 1000,
    "30": 1000,
    "31": 1100,
    "32": 1100,
    "33": 1100,
    "34": 1100,
    "35": 1100,
    "36": 1100,
    "37": 1100,
    "38": 1100,
    "39": 1100,
    "40": 1100,
    "41": 1200,
    "42": 1200,
    "43": 1200,
    "44": 1200,
  },
  "Luxor": {
    "00": 100000,
    "01": 100000,
    "02": 200,
    "03": 300,
    "04": 400,
    "05": 500,
    "06": 600,
    "07": 600,
    "08": 600,
    "09": 600,
    "10": 600,
    "11": 700,
    "12": 700,
    "13": 700,
    "14": 700,
    "15": 700,
    "16": 700,
    "17": 700,
    "18": 700,
    "19": 700,
    "20": 700,
    "21": 800,
    "22": 800,
    "23": 800,
    "24": 800,
    "25": 800,
    "26": 800,
    "27": 800,
    "28": 800,
    "29": 800,
    "30": 800,
    "31": 900,
    "32": 900,
    "33": 900,
    "34": 900,
    "35": 900,
    "36": 900,
    "37": 900,
    "38": 900,
    "39": 900,
    "40": 900,
    "41": 1000,
    "42": 1000,
    "43": 1000,
    "44": 1000,
  },
  "Tower": {
    "00": 100000,
    "01": 100000,
    "02": 200,
    "03": 300,
    "04": 400,
    "05": 500,
    "06": 600,
    "07": 600,
    "08": 600,
    "09": 600,
    "10": 600,
    "11": 700,
    "12": 700,
    "13": 700,
    "14": 700,
    "15": 700,
    "16": 700,
    "17": 700,
    "18": 700,
    "19": 700,
    "20": 700,
    "21": 800,
    "22": 800,
    "23": 800,
    "24": 800,
    "25": 800,
    "26": 800,
    "27": 800,
    "28": 800,
    "29": 800,
    "30": 800,
    "31": 900,
    "32": 900,
    "33": 900,
    "34": 900,
    "35": 900,
    "36": 900,
    "37": 900,
    "38": 900,
    "39": 900,
    "40": 900,
    "41": 1000,
    "42": 1000,
    "43": 1000,
    "44": 1000,
  },
  "Worldwide": {
    "00": 100000,
    "01": 100000,
    "02": 300,
    "03": 400,
    "04": 500,
    "05": 600,
    "06": 700,
    "07": 700,
    "08": 700,
    "09": 700,
    "10": 700,
    "11": 800,
    "12": 800,
    "13": 800,
    "14": 800,
    "15": 800,
    "16": 800,
    "17": 800,
    "18": 800,
    "19": 800,
    "20": 800,
    "21": 900,
    "22": 900,
    "23": 900,
    "24": 900,
    "25": 900,
    "26": 900,
    "27": 900,
    "28": 900,
    "29": 900,
    "30": 900,
    "31": 1000,
    "32": 1000,
    "33": 1000,
    "34": 1000,
    "35": 1000,
    "36": 1000,
    "37": 1000,
    "38": 1000,
    "39": 1000,
    "40": 1000,
    "41": 1100,
    "42": 1100,
    "43": 1100,
    "44": 1100,
  },
}
`;
