// Jest Snapshot v1, https://goo.gl/fbAQLP

exports[`TileUtils getSortedBag should return a tile bag sorted by the given seed 1`] = `
Array [
  11,
  7,
  63,
  76,
  46,
  107,
  15,
  71,
  75,
  50,
  106,
  29,
  81,
  79,
  101,
  65,
  60,
  32,
  70,
  21,
  30,
  39,
  93,
  19,
  97,
  26,
  73,
  18,
  9,
  31,
  85,
  99,
  48,
  33,
  4,
  58,
  87,
  90,
  27,
  41,
  20,
  77,
  12,
  94,
  1,
  5,
  78,
  105,
  91,
  74,
  64,
  83,
  89,
  61,
  88,
  40,
  56,
  95,
  51,
  37,
  2,
  82,
  8,
  84,
  96,
  69,
  80,
  102,
  22,
  10,
  53,
  17,
  104,
  57,
  34,
  54,
  92,
  59,
  43,
  52,
  86,
  24,
  66,
  49,
  36,
  3,
  16,
  25,
  68,
  35,
  6,
  45,
  14,
  23,
  38,
  13,
  47,
  44,
  98,
  42,
  72,
  62,
  28,
  100,
  103,
  55,
  0,
  67,
]
`;
